// Jest Snapshot v1, https://goo.gl/fbAQLP

exports[`renders correctly 1`] = `
<RCTSafeAreaView
  style={
    {
      "backgroundColor": "#e11b2e",
      "flex": 1,
    }
  }
>
  <View
    style={
      {
        "marginTop": 30,
      }
    }
  />
  <RCTScrollView
    style={
      {
        "backgroundColor": "white",
        "borderColor": "black",
        "borderRadius": 6,
        "borderWidth": 3,
        "flex": 1,
        "marginBottom": 100,
        "marginHorizontal": 16,
        "padding": 10,
        "paddingBottom": 100,
      }
    }
  >
    <View>
      <Text>
        Loading...
      </Text>
    </View>
  </RCTScrollView>
</RCTSafeAreaView>
`;
